int main(void)
{
	/* incorrect indent blah */
	return 0;
}
